env: load .env.local
env: export EXPO_PUBLIC_API_URL
Starting project at D:\Revolutic-Invoice\Revolutic-Invoice-Mobile-App
React Compiler enabled
Starting Metro Bundler
Waiting on http://localhost:8299
Logs for your project will appear below.
D:\Revolutic-Invoice\Revolutic-Invoice-Mobile-App\node_modules\expo\node_modules\@expo\cli\build\src\utils\errors.js:130
    throw error;
    ^

Error: write EPIPE
    at ChildProcess.target._send (node:internal/child_process:900:20)
    at ChildProcess.target.send (node:internal/child_process:775:19)
    at ChildProcessWorker.initialize (D:\Revolutic-Invoice\Revolutic-Invoice-Mobile-App\node_modules\jest-worker\build\workers\ChildProcessWorker.js:169:17)
    at ChildProcessWorker._onExit (D:\Revolutic-Invoice\Revolutic-Invoice-Mobile-App\node_modules\jest-worker\build\workers\ChildProcessWorker.js:334:12)
    at ChildProcess.emit (node:events:509:28)
    at Process.ChildProcess._handle.onexit (node:internal/child_process:295:12)
Emitted 'error' event on ChildProcess instance at:
    at node:internal/child_process:904:39
    at processTicksAndRejections (node:internal/process/task_queues:85:11) {
  errno: -4047,
  code: 'EPIPE',
  syscall: 'write'
}

Node.js v24.18.0
